Analysis & Synthesis report for MiMi
Mon May 13 22:22:23 2019
Quartus Prime Version 18.1.0 Build 625 09/12/2018 SJ Lite Edition


---------------------
; Table of Contents ;
---------------------
  1. Legal Notice
  2. Analysis & Synthesis Summary
  3. Analysis & Synthesis Settings
  4. Parallel Compilation
  5. Analysis & Synthesis Messages



----------------
; Legal Notice ;
----------------
Copyright (C) 2018  Intel Corporation. All rights reserved.
Your use of Intel Corporation's design tools, logic functions 
and other software and tools, and its AMPP partner logic 
functions, and any output files from any of the foregoing 
(including device programming or simulation files), and any 
associated documentation or information are expressly subject 
to the terms and conditions of the Intel Program License 
Subscription Agreement, the Intel Quartus Prime License Agreement,
the Intel FPGA IP License Agreement, or other applicable license
agreement, including, without limitation, that your use is for
the sole purpose of programming logic devices manufactured by
Intel and sold by Intel or its authorized distributors.  Please
refer to the applicable agreement for further details.



+----------------------------------------------------------------------------------+
; Analysis & Synthesis Summary                                                     ;
+------------------------------------+---------------------------------------------+
; Analysis & Synthesis Status        ; Failed - Mon May 13 22:22:23 2019           ;
; Quartus Prime Version              ; 18.1.0 Build 625 09/12/2018 SJ Lite Edition ;
; Revision Name                      ; MiMi                                        ;
; Top-level Entity Name              ; mimi                                        ;
; Family                             ; Cyclone IV E                                ;
; Total logic elements               ; N/A until Partition Merge                   ;
;     Total combinational functions  ; N/A until Partition Merge                   ;
;     Dedicated logic registers      ; N/A until Partition Merge                   ;
; Total registers                    ; N/A until Partition Merge                   ;
; Total pins                         ; N/A until Partition Merge                   ;
; Total virtual pins                 ; N/A until Partition Merge                   ;
; Total memory bits                  ; N/A until Partition Merge                   ;
; Embedded Multiplier 9-bit elements ; N/A until Partition Merge                   ;
; Total PLLs                         ; N/A until Partition Merge                   ;
+------------------------------------+---------------------------------------------+


+------------------------------------------------------------------------------------------------------------+
; Analysis & Synthesis Settings                                                                              ;
+------------------------------------------------------------------+--------------------+--------------------+
; Option                                                           ; Setting            ; Default Value      ;
+------------------------------------------------------------------+--------------------+--------------------+
; Device                                                           ; EP4CE115F29C7      ;                    ;
; Top-level entity name                                            ; mimi               ; MiMi               ;
; Family name                                                      ; Cyclone IV E       ; Cyclone V          ;
; Use smart compilation                                            ; Off                ; Off                ;
; Enable parallel Assembler and Timing Analyzer during compilation ; On                 ; On                 ;
; Enable compact report table                                      ; Off                ; Off                ;
; Restructure Multiplexers                                         ; Auto               ; Auto               ;
; Create Debugging Nodes for IP Cores                              ; Off                ; Off                ;
; Preserve fewer node names                                        ; On                 ; On                 ;
; Intel FPGA IP Evaluation Mode                                    ; Enable             ; Enable             ;
; Verilog Version                                                  ; Verilog_2001       ; Verilog_2001       ;
; VHDL Version                                                     ; VHDL_1993          ; VHDL_1993          ;
; State Machine Processing                                         ; Auto               ; Auto               ;
; Safe State Machine                                               ; Off                ; Off                ;
; Extract Verilog State Machines                                   ; On                 ; On                 ;
; Extract VHDL State Machines                                      ; On                 ; On                 ;
; Ignore Verilog initial constructs                                ; Off                ; Off                ;
; Iteration limit for constant Verilog loops                       ; 5000               ; 5000               ;
; Iteration limit for non-constant Verilog loops                   ; 250                ; 250                ;
; Add Pass-Through Logic to Inferred RAMs                          ; On                 ; On                 ;
; Infer RAMs from Raw Logic                                        ; On                 ; On                 ;
; Parallel Synthesis                                               ; On                 ; On                 ;
; DSP Block Balancing                                              ; Auto               ; Auto               ;
; NOT Gate Push-Back                                               ; On                 ; On                 ;
; Power-Up Don't Care                                              ; On                 ; On                 ;
; Remove Redundant Logic Cells                                     ; Off                ; Off                ;
; Remove Duplicate Registers                                       ; On                 ; On                 ;
; Ignore CARRY Buffers                                             ; Off                ; Off                ;
; Ignore CASCADE Buffers                                           ; Off                ; Off                ;
; Ignore GLOBAL Buffers                                            ; Off                ; Off                ;
; Ignore ROW GLOBAL Buffers                                        ; Off                ; Off                ;
; Ignore LCELL Buffers                                             ; Off                ; Off                ;
; Ignore SOFT Buffers                                              ; On                 ; On                 ;
; Limit AHDL Integers to 32 Bits                                   ; Off                ; Off                ;
; Optimization Technique                                           ; Balanced           ; Balanced           ;
; Carry Chain Length                                               ; 70                 ; 70                 ;
; Auto Carry Chains                                                ; On                 ; On                 ;
; Auto Open-Drain Pins                                             ; On                 ; On                 ;
; Perform WYSIWYG Primitive Resynthesis                            ; Off                ; Off                ;
; Auto ROM Replacement                                             ; On                 ; On                 ;
; Auto RAM Replacement                                             ; On                 ; On                 ;
; Auto DSP Block Replacement                                       ; On                 ; On                 ;
; Auto Shift Register Replacement                                  ; Auto               ; Auto               ;
; Allow Shift Register Merging across Hierarchies                  ; Auto               ; Auto               ;
; Auto Clock Enable Replacement                                    ; On                 ; On                 ;
; Strict RAM Replacement                                           ; Off                ; Off                ;
; Allow Synchronous Control Signals                                ; On                 ; On                 ;
; Force Use of Synchronous Clear Signals                           ; Off                ; Off                ;
; Auto RAM Block Balancing                                         ; On                 ; On                 ;
; Auto RAM to Logic Cell Conversion                                ; Off                ; Off                ;
; Auto Resource Sharing                                            ; Off                ; Off                ;
; Allow Any RAM Size For Recognition                               ; Off                ; Off                ;
; Allow Any ROM Size For Recognition                               ; Off                ; Off                ;
; Allow Any Shift Register Size For Recognition                    ; Off                ; Off                ;
; Use LogicLock Constraints during Resource Balancing              ; On                 ; On                 ;
; Ignore translate_off and synthesis_off directives                ; Off                ; Off                ;
; Timing-Driven Synthesis                                          ; On                 ; On                 ;
; Report Parameter Settings                                        ; On                 ; On                 ;
; Report Source Assignments                                        ; On                 ; On                 ;
; Report Connectivity Checks                                       ; On                 ; On                 ;
; Ignore Maximum Fan-Out Assignments                               ; Off                ; Off                ;
; Synchronization Register Chain Length                            ; 2                  ; 2                  ;
; Power Optimization During Synthesis                              ; Normal compilation ; Normal compilation ;
; HDL message level                                                ; Level2             ; Level2             ;
; Suppress Register Optimization Related Messages                  ; Off                ; Off                ;
; Number of Removed Registers Reported in Synthesis Report         ; 5000               ; 5000               ;
; Number of Swept Nodes Reported in Synthesis Report               ; 5000               ; 5000               ;
; Number of Inverted Registers Reported in Synthesis Report        ; 100                ; 100                ;
; Clock MUX Protection                                             ; On                 ; On                 ;
; Auto Gated Clock Conversion                                      ; Off                ; Off                ;
; Block Design Naming                                              ; Auto               ; Auto               ;
; SDC constraint protection                                        ; Off                ; Off                ;
; Synthesis Effort                                                 ; Auto               ; Auto               ;
; Shift Register Replacement - Allow Asynchronous Clear Signal     ; On                 ; On                 ;
; Pre-Mapping Resynthesis Optimization                             ; Off                ; Off                ;
; Analysis & Synthesis Message Level                               ; Medium             ; Medium             ;
; Disable Register Merging Across Hierarchies                      ; Auto               ; Auto               ;
; Resource Aware Inference For Block RAM                           ; On                 ; On                 ;
+------------------------------------------------------------------+--------------------+--------------------+


+------------------------------------------+
; Parallel Compilation                     ;
+----------------------------+-------------+
; Processors                 ; Number      ;
+----------------------------+-------------+
; Number detected on machine ; 8           ;
; Maximum allowed            ; 4           ;
;                            ;             ;
; Average used               ; 1.00        ;
; Maximum used               ; 1           ;
;                            ;             ;
; Usage by Processor         ; % Time Used ;
;     Processor 1            ; 100.0%      ;
+----------------------------+-------------+


+-------------------------------+
; Analysis & Synthesis Messages ;
+-------------------------------+
Info: *******************************************************************
Info: Running Quartus Prime Analysis & Synthesis
    Info: Version 18.1.0 Build 625 09/12/2018 SJ Lite Edition
    Info: Processing started: Mon May 13 22:22:11 2019
Info: Command: quartus_map --read_settings_files=on --write_settings_files=off MiMi -c MiMi
Warning (18236): Number of processors has not been specified which may cause overloading on shared machines.  Set the global assignment NUM_PARALLEL_PROCESSORS in your QSF to an appropriate value for best performance.
Info (20030): Parallel compilation is enabled and will use 4 of the 4 processors detected
Info (12021): Found 0 design units, including 0 entities, in source file /users/hanne/google drive/tu/2019s_semester/ddca/mimi/ca/test_alu/tb/alu_tb_fileio.vhd
Info (12021): Found 1 design units, including 1 entities, in source file /users/hanne/google drive/tu/2019s_semester/ddca/mimi/ca/src/serial_port/serial_port_90mhz.qxp
    Info (12023): Found entity 1: serial_port File: C:/Users/hanne/Google Drive/TU/2019S_Semester/DDCA/MiMi/ca/src/serial_port/serial_port_90Mhz.qxp Line: -1
Error (12049): Can't compile duplicate declarations of entity "serial_port" into library "work" File: C:/Users/hanne/Google Drive/TU/2019S_Semester/DDCA/MiMi/ca/src/serial_port/serial_port_85Mhz.qxp Line: -1
    Error (12180): Instance could be entity "serial_port" in file ../src/serial_port/serial_port_90Mhz.qxp compiled in library work File: C:/Users/hanne/Google Drive/TU/2019S_Semester/DDCA/MiMi/ca/src/serial_port/serial_port_90Mhz.qxp Line: -1
    Error (12180): Instance could be entity "serial_port" in file ../src/serial_port/serial_port_85Mhz.qxp compiled in library work File: C:/Users/hanne/Google Drive/TU/2019S_Semester/DDCA/MiMi/ca/src/serial_port/serial_port_85Mhz.qxp Line: -1
Info (12021): Found 1 design units, including 1 entities, in source file /users/hanne/google drive/tu/2019s_semester/ddca/mimi/ca/src/serial_port/serial_port_85mhz.qxp
Error (12049): Can't compile duplicate declarations of entity "serial_port" into library "work" File: C:/Users/hanne/Google Drive/TU/2019S_Semester/DDCA/MiMi/ca/src/serial_port/serial_port_80Mhz.qxp Line: -1
    Error (12180): Instance could be entity "serial_port" in file ../src/serial_port/serial_port_90Mhz.qxp compiled in library work File: C:/Users/hanne/Google Drive/TU/2019S_Semester/DDCA/MiMi/ca/src/serial_port/serial_port_90Mhz.qxp Line: -1
    Error (12180): Instance could be entity "serial_port" in file ../src/serial_port/serial_port_80Mhz.qxp compiled in library work File: C:/Users/hanne/Google Drive/TU/2019S_Semester/DDCA/MiMi/ca/src/serial_port/serial_port_80Mhz.qxp Line: -1
Info (12021): Found 1 design units, including 1 entities, in source file /users/hanne/google drive/tu/2019s_semester/ddca/mimi/ca/src/serial_port/serial_port_80mhz.qxp
Error (12049): Can't compile duplicate declarations of entity "serial_port" into library "work" File: C:/Users/hanne/Google Drive/TU/2019S_Semester/DDCA/MiMi/ca/src/serial_port/serial_port_75Mhz.qxp Line: -1
    Error (12180): Instance could be entity "serial_port" in file ../src/serial_port/serial_port_90Mhz.qxp compiled in library work File: C:/Users/hanne/Google Drive/TU/2019S_Semester/DDCA/MiMi/ca/src/serial_port/serial_port_90Mhz.qxp Line: -1
    Error (12180): Instance could be entity "serial_port" in file ../src/serial_port/serial_port_75Mhz.qxp compiled in library work File: C:/Users/hanne/Google Drive/TU/2019S_Semester/DDCA/MiMi/ca/src/serial_port/serial_port_75Mhz.qxp Line: -1
Info (12021): Found 1 design units, including 1 entities, in source file /users/hanne/google drive/tu/2019s_semester/ddca/mimi/ca/src/serial_port/serial_port_75mhz.qxp
Error (12049): Can't compile duplicate declarations of entity "serial_port" into library "work" File: C:/Users/hanne/Google Drive/TU/2019S_Semester/DDCA/MiMi/ca/src/serial_port/serial_port_70Mhz.qxp Line: -1
    Error (12180): Instance could be entity "serial_port" in file ../src/serial_port/serial_port_90Mhz.qxp compiled in library work File: C:/Users/hanne/Google Drive/TU/2019S_Semester/DDCA/MiMi/ca/src/serial_port/serial_port_90Mhz.qxp Line: -1
    Error (12180): Instance could be entity "serial_port" in file ../src/serial_port/serial_port_70Mhz.qxp compiled in library work File: C:/Users/hanne/Google Drive/TU/2019S_Semester/DDCA/MiMi/ca/src/serial_port/serial_port_70Mhz.qxp Line: -1
Info (12021): Found 1 design units, including 1 entities, in source file /users/hanne/google drive/tu/2019s_semester/ddca/mimi/ca/src/serial_port/serial_port_70mhz.qxp
Error (12049): Can't compile duplicate declarations of entity "serial_port" into library "work" File: C:/Users/hanne/Google Drive/TU/2019S_Semester/DDCA/MiMi/ca/src/serial_port/serial_port_65Mhz.qxp Line: -1
    Error (12180): Instance could be entity "serial_port" in file ../src/serial_port/serial_port_90Mhz.qxp compiled in library work File: C:/Users/hanne/Google Drive/TU/2019S_Semester/DDCA/MiMi/ca/src/serial_port/serial_port_90Mhz.qxp Line: -1
    Error (12180): Instance could be entity "serial_port" in file ../src/serial_port/serial_port_65Mhz.qxp compiled in library work File: C:/Users/hanne/Google Drive/TU/2019S_Semester/DDCA/MiMi/ca/src/serial_port/serial_port_65Mhz.qxp Line: -1
Info (12021): Found 1 design units, including 1 entities, in source file /users/hanne/google drive/tu/2019s_semester/ddca/mimi/ca/src/serial_port/serial_port_65mhz.qxp
Error (12049): Can't compile duplicate declarations of entity "serial_port" into library "work" File: C:/Users/hanne/Google Drive/TU/2019S_Semester/DDCA/MiMi/ca/src/serial_port/serial_port_60Mhz.qxp Line: -1
    Error (12180): Instance could be entity "serial_port" in file ../src/serial_port/serial_port_90Mhz.qxp compiled in library work File: C:/Users/hanne/Google Drive/TU/2019S_Semester/DDCA/MiMi/ca/src/serial_port/serial_port_90Mhz.qxp Line: -1
    Error (12180): Instance could be entity "serial_port" in file ../src/serial_port/serial_port_60Mhz.qxp compiled in library work File: C:/Users/hanne/Google Drive/TU/2019S_Semester/DDCA/MiMi/ca/src/serial_port/serial_port_60Mhz.qxp Line: -1
Info (12021): Found 1 design units, including 1 entities, in source file /users/hanne/google drive/tu/2019s_semester/ddca/mimi/ca/src/serial_port/serial_port_60mhz.qxp
Error (12049): Can't compile duplicate declarations of entity "serial_port" into library "work" File: C:/Users/hanne/Google Drive/TU/2019S_Semester/DDCA/MiMi/ca/src/serial_port/serial_port_55Mhz.qxp Line: -1
    Error (12180): Instance could be entity "serial_port" in file ../src/serial_port/serial_port_90Mhz.qxp compiled in library work File: C:/Users/hanne/Google Drive/TU/2019S_Semester/DDCA/MiMi/ca/src/serial_port/serial_port_90Mhz.qxp Line: -1
    Error (12180): Instance could be entity "serial_port" in file ../src/serial_port/serial_port_55Mhz.qxp compiled in library work File: C:/Users/hanne/Google Drive/TU/2019S_Semester/DDCA/MiMi/ca/src/serial_port/serial_port_55Mhz.qxp Line: -1
Info (12021): Found 1 design units, including 1 entities, in source file /users/hanne/google drive/tu/2019s_semester/ddca/mimi/ca/src/serial_port/serial_port_55mhz.qxp
Error (12049): Can't compile duplicate declarations of entity "serial_port" into library "work" File: C:/Users/hanne/Google Drive/TU/2019S_Semester/DDCA/MiMi/ca/src/serial_port/serial_port_50Mhz.qxp Line: -1
    Error (12180): Instance could be entity "serial_port" in file ../src/serial_port/serial_port_90Mhz.qxp compiled in library work File: C:/Users/hanne/Google Drive/TU/2019S_Semester/DDCA/MiMi/ca/src/serial_port/serial_port_90Mhz.qxp Line: -1
    Error (12180): Instance could be entity "serial_port" in file ../src/serial_port/serial_port_50Mhz.qxp compiled in library work File: C:/Users/hanne/Google Drive/TU/2019S_Semester/DDCA/MiMi/ca/src/serial_port/serial_port_50Mhz.qxp Line: -1
Info (12021): Found 1 design units, including 1 entities, in source file /users/hanne/google drive/tu/2019s_semester/ddca/mimi/ca/src/serial_port/serial_port_50mhz.qxp
Info (12021): Found 0 design units, including 0 entities, in source file /users/hanne/google drive/tu/2019s_semester/ddca/mimi/ca/src/wb_tb.vhd
Info (12021): Found 0 design units, including 0 entities, in source file /users/hanne/google drive/tu/2019s_semester/ddca/mimi/ca/src/wb_pkg.vhd
Info (12021): Found 2 design units, including 1 entities, in source file /users/hanne/google drive/tu/2019s_semester/ddca/mimi/ca/src/wb.vhd
    Info (12022): Found design unit 1: wb-rtl File: C:/Users/hanne/Google Drive/TU/2019S_Semester/DDCA/MiMi/ca/src/wb.vhd Line: 24
    Info (12023): Found entity 1: wb File: C:/Users/hanne/Google Drive/TU/2019S_Semester/DDCA/MiMi/ca/src/wb.vhd Line: 8
Info (12021): Found 2 design units, including 1 entities, in source file /users/hanne/google drive/tu/2019s_semester/ddca/mimi/ca/src/serial_port_wrapper.vhd
    Info (12022): Found design unit 1: serial_port_wrapper-behavior File: C:/Users/hanne/Google Drive/TU/2019S_Semester/DDCA/MiMi/ca/src/serial_port_wrapper.vhd Line: 29
    Info (12023): Found entity 1: serial_port_wrapper File: C:/Users/hanne/Google Drive/TU/2019S_Semester/DDCA/MiMi/ca/src/serial_port_wrapper.vhd Line: 7
Info (12021): Found 0 design units, including 0 entities, in source file /users/hanne/google drive/tu/2019s_semester/ddca/mimi/ca/src/regfile_tb.vhd
Info (12021): Found 0 design units, including 0 entities, in source file /users/hanne/google drive/tu/2019s_semester/ddca/mimi/ca/src/regfile_pkg.vhd
Info (12021): Found 2 design units, including 1 entities, in source file /users/hanne/google drive/tu/2019s_semester/ddca/mimi/ca/src/regfile.vhd
    Info (12022): Found design unit 1: regfile-rtl File: C:/Users/hanne/Google Drive/TU/2019S_Semester/DDCA/MiMi/ca/src/regfile.vhd Line: 20
    Info (12023): Found entity 1: regfile File: C:/Users/hanne/Google Drive/TU/2019S_Semester/DDCA/MiMi/ca/src/regfile.vhd Line: 7
Info (12021): Found 2 design units, including 1 entities, in source file /users/hanne/google drive/tu/2019s_semester/ddca/mimi/ca/src/pll_altera.vhd
    Info (12022): Found design unit 1: pll-SYN File: C:/Users/hanne/Google Drive/TU/2019S_Semester/DDCA/MiMi/ca/src/pll_altera.vhd Line: 52
    Info (12023): Found entity 1: pll File: C:/Users/hanne/Google Drive/TU/2019S_Semester/DDCA/MiMi/ca/src/pll_altera.vhd Line: 42
Info (12021): Found 0 design units, including 0 entities, in source file /users/hanne/google drive/tu/2019s_semester/ddca/mimi/ca/src/pipeline_tb.vhd
Info (12021): Found 0 design units, including 0 entities, in source file /users/hanne/google drive/tu/2019s_semester/ddca/mimi/ca/src/pipeline_pkg.vhd
Info (12021): Found 2 design units, including 1 entities, in source file /users/hanne/google drive/tu/2019s_semester/ddca/mimi/ca/src/pipeline.vhd
    Info (12022): Found design unit 1: pipeline-rtl File: C:/Users/hanne/Google Drive/TU/2019S_Semester/DDCA/MiMi/ca/src/pipeline.vhd Line: 17
    Info (12023): Found entity 1: pipeline File: C:/Users/hanne/Google Drive/TU/2019S_Semester/DDCA/MiMi/ca/src/pipeline.vhd Line: 7
Info (12021): Found 1 design units, including 0 entities, in source file /users/hanne/google drive/tu/2019s_semester/ddca/mimi/ca/src/op_pack.vhd
    Info (12022): Found design unit 1: op_pack File: C:/Users/hanne/Google Drive/TU/2019S_Semester/DDCA/MiMi/ca/src/op_pack.vhd Line: 6
Info (12021): Found 2 design units, including 1 entities, in source file /users/hanne/google drive/tu/2019s_semester/ddca/mimi/ca/src/ocram_altera.vhd
    Info (12022): Found design unit 1: ocram_altera-SYN File: C:/Users/hanne/Google Drive/TU/2019S_Semester/DDCA/MiMi/ca/src/ocram_altera.vhd Line: 55
    Info (12023): Found entity 1: ocram_altera File: C:/Users/hanne/Google Drive/TU/2019S_Semester/DDCA/MiMi/ca/src/ocram_altera.vhd Line: 42
Info (12021): Found 2 design units, including 1 entities, in source file /users/hanne/google drive/tu/2019s_semester/ddca/mimi/ca/src/mimi.vhd
    Info (12022): Found design unit 1: mimi-rtl File: C:/Users/hanne/Google Drive/TU/2019S_Semester/DDCA/MiMi/ca/src/mimi.vhd Line: 19
    Info (12023): Found entity 1: mimi File: C:/Users/hanne/Google Drive/TU/2019S_Semester/DDCA/MiMi/ca/src/mimi.vhd Line: 8
Info (12021): Found 0 design units, including 0 entities, in source file /users/hanne/google drive/tu/2019s_semester/ddca/mimi/ca/src/memu_tb.vhd
Info (12021): Found 0 design units, including 0 entities, in source file /users/hanne/google drive/tu/2019s_semester/ddca/mimi/ca/src/memu_pkg.vhd
Info (12021): Found 2 design units, including 1 entities, in source file /users/hanne/google drive/tu/2019s_semester/ddca/mimi/ca/src/memu.vhd
    Info (12022): Found design unit 1: memu-rtl File: C:/Users/hanne/Google Drive/TU/2019S_Semester/DDCA/MiMi/ca/src/memu.vhd Line: 20
    Info (12023): Found entity 1: memu File: C:/Users/hanne/Google Drive/TU/2019S_Semester/DDCA/MiMi/ca/src/memu.vhd Line: 8
Info (12021): Found 0 design units, including 0 entities, in source file /users/hanne/google drive/tu/2019s_semester/ddca/mimi/ca/src/mem_tb.vhd
Info (12021): Found 0 design units, including 0 entities, in source file /users/hanne/google drive/tu/2019s_semester/ddca/mimi/ca/src/mem_pkg.vhd
Info (12021): Found 2 design units, including 1 entities, in source file /users/hanne/google drive/tu/2019s_semester/ddca/mimi/ca/src/mem.vhd
    Info (12022): Found design unit 1: mem-rtl File: C:/Users/hanne/Google Drive/TU/2019S_Semester/DDCA/MiMi/ca/src/mem.vhd Line: 37
    Info (12023): Found entity 1: mem File: C:/Users/hanne/Google Drive/TU/2019S_Semester/DDCA/MiMi/ca/src/mem.vhd Line: 8
Info (12021): Found 0 design units, including 0 entities, in source file /users/hanne/google drive/tu/2019s_semester/ddca/mimi/ca/src/jmpu_tb.vhd
Info (12021): Found 0 design units, including 0 entities, in source file /users/hanne/google drive/tu/2019s_semester/ddca/mimi/ca/src/jmpu_pkg.vhd
Info (12021): Found 2 design units, including 1 entities, in source file /users/hanne/google drive/tu/2019s_semester/ddca/mimi/ca/src/jmpu.vhd
    Info (12022): Found design unit 1: jmpu-rtl File: C:/Users/hanne/Google Drive/TU/2019S_Semester/DDCA/MiMi/ca/src/jmpu.vhd Line: 15
    Info (12023): Found entity 1: jmpu File: C:/Users/hanne/Google Drive/TU/2019S_Semester/DDCA/MiMi/ca/src/jmpu.vhd Line: 8
Info (12021): Found 2 design units, including 1 entities, in source file /users/hanne/google drive/tu/2019s_semester/ddca/mimi/ca/src/imem_altera.vhd
    Info (12022): Found design unit 1: imem_altera-SYN File: C:/Users/hanne/Google Drive/TU/2019S_Semester/DDCA/MiMi/ca/src/imem_altera.vhd Line: 52
    Info (12023): Found entity 1: imem_altera File: C:/Users/hanne/Google Drive/TU/2019S_Semester/DDCA/MiMi/ca/src/imem_altera.vhd Line: 42
Error (10500): VHDL syntax error at fwd.vhd(11) near text ")";  expecting an identifier, or "constant", or "file", or "signal", or "variable" File: C:/Users/hanne/Google Drive/TU/2019S_Semester/DDCA/MiMi/ca/src/fwd.vhd Line: 11
Info (12021): Found 0 design units, including 0 entities, in source file /users/hanne/google drive/tu/2019s_semester/ddca/mimi/ca/src/fwd.vhd
Info (12021): Found 0 design units, including 0 entities, in source file /users/hanne/google drive/tu/2019s_semester/ddca/mimi/ca/src/fetch_tb.vhd
Info (12021): Found 0 design units, including 0 entities, in source file /users/hanne/google drive/tu/2019s_semester/ddca/mimi/ca/src/fetch_pkg.vhd
Info (12021): Found 2 design units, including 1 entities, in source file /users/hanne/google drive/tu/2019s_semester/ddca/mimi/ca/src/fetch.vhd
    Info (12022): Found design unit 1: fetch-rtl File: C:/Users/hanne/Google Drive/TU/2019S_Semester/DDCA/MiMi/ca/src/fetch.vhd Line: 19
    Info (12023): Found entity 1: fetch File: C:/Users/hanne/Google Drive/TU/2019S_Semester/DDCA/MiMi/ca/src/fetch.vhd Line: 7
Info (12021): Found 0 design units, including 0 entities, in source file /users/hanne/google drive/tu/2019s_semester/ddca/mimi/ca/src/exec_tb.vhd
Info (12021): Found 0 design units, including 0 entities, in source file /users/hanne/google drive/tu/2019s_semester/ddca/mimi/ca/src/exec_pkg.vhd
Info (12021): Found 2 design units, including 1 entities, in source file /users/hanne/google drive/tu/2019s_semester/ddca/mimi/ca/src/exec.vhd
    Info (12022): Found design unit 1: exec-rtl File: C:/Users/hanne/Google Drive/TU/2019S_Semester/DDCA/MiMi/ca/src/exec.vhd Line: 37
    Info (12023): Found entity 1: exec File: C:/Users/hanne/Google Drive/TU/2019S_Semester/DDCA/MiMi/ca/src/exec.vhd Line: 8
Info (12021): Found 0 design units, including 0 entities, in source file /users/hanne/google drive/tu/2019s_semester/ddca/mimi/ca/src/decode_tb.vhd
Info (12021): Found 0 design units, including 0 entities, in source file /users/hanne/google drive/tu/2019s_semester/ddca/mimi/ca/src/decode_pkg.vhd
Info (12021): Found 2 design units, including 1 entities, in source file /users/hanne/google drive/tu/2019s_semester/ddca/mimi/ca/src/decode.vhd
    Info (12022): Found design unit 1: decode-rtl File: C:/Users/hanne/Google Drive/TU/2019S_Semester/DDCA/MiMi/ca/src/decode.vhd Line: 29
    Info (12023): Found entity 1: decode File: C:/Users/hanne/Google Drive/TU/2019S_Semester/DDCA/MiMi/ca/src/decode.vhd Line: 8
Error (10500): VHDL syntax error at ctrl.vhd(12) near text ")";  expecting an identifier, or "constant", or "file", or "signal", or "variable" File: C:/Users/hanne/Google Drive/TU/2019S_Semester/DDCA/MiMi/ca/src/ctrl.vhd Line: 12
Info (12021): Found 0 design units, including 0 entities, in source file /users/hanne/google drive/tu/2019s_semester/ddca/mimi/ca/src/ctrl.vhd
Info (12021): Found 1 design units, including 0 entities, in source file /users/hanne/google drive/tu/2019s_semester/ddca/mimi/ca/src/core_pack.vhd
    Info (12022): Found design unit 1: core_pack File: C:/Users/hanne/Google Drive/TU/2019S_Semester/DDCA/MiMi/ca/src/core_pack.vhd Line: 4
Info (12021): Found 2 design units, including 1 entities, in source file /users/hanne/google drive/tu/2019s_semester/ddca/mimi/ca/src/core.vhd
    Info (12022): Found design unit 1: core-rtl File: C:/Users/hanne/Google Drive/TU/2019S_Semester/DDCA/MiMi/ca/src/core.vhd Line: 20
    Info (12023): Found entity 1: core File: C:/Users/hanne/Google Drive/TU/2019S_Semester/DDCA/MiMi/ca/src/core.vhd Line: 8
Info (12021): Found 0 design units, including 0 entities, in source file /users/hanne/google drive/tu/2019s_semester/ddca/mimi/ca/src/alu_tb.vhd
Info (12021): Found 0 design units, including 0 entities, in source file /users/hanne/google drive/tu/2019s_semester/ddca/mimi/ca/src/alu_pkg.vhd
Info (12021): Found 2 design units, including 1 entities, in source file /users/hanne/google drive/tu/2019s_semester/ddca/mimi/ca/src/alu.vhd
    Info (12022): Found design unit 1: alu-rtl File: C:/Users/hanne/Google Drive/TU/2019S_Semester/DDCA/MiMi/ca/src/alu.vhd Line: 18
    Info (12023): Found entity 1: alu File: C:/Users/hanne/Google Drive/TU/2019S_Semester/DDCA/MiMi/ca/src/alu.vhd Line: 8
Error: Quartus Prime Analysis & Synthesis was unsuccessful. 26 errors, 1 warning
    Error: Peak virtual memory: 4801 megabytes
    Error: Processing ended: Mon May 13 22:22:23 2019
    Error: Elapsed time: 00:00:12
    Error: Total CPU time (on all processors): 00:00:27


